verify: main..working tree (merge base e1e0f71)

▸ 1  syntax (node --check on changed files)
  2 file(s) ok
  took 66 ms

▸ 2  lawbook, deterministic rules on changed files
  13 passed, 0 failed, 0 warned, 0 errored, 6 skipped
  took 324 ms

▸ 3  tests with coverage
✔ adding the same sku twice accumulates its quantity (2.864206ms)
✔ adding leaves the original cart unchanged (0.286199ms)
✔ removing a sku drops its line and ignores skus that are not there (0.312009ms)
✔ a blank sku or a non-positive quantity is rejected (0.558497ms)
✔ a catalog finds products by sku (1.461174ms)
✔ an unknown sku is a not-found error naming it (0.752141ms)
✔ a product without a sku or with a fractional price is rejected (0.243729ms)
✔ a validation error names the value and what it must be (1.971804ms)
✔ a not-found error names the kind and key and says what to do (2.220522ms)
✔ an insufficient-stock error states both quantities (0.368839ms)
✔ reserving reduces stock and leaves the original map unchanged (2.586418ms)
✔ reserving more than is in stock fails and names the shortfall (0.719741ms)
✔ releasing adds stock, even for a sku never seen before (0.186462ms)
✔ a non-positive quantity cannot be reserved or released (0.190531ms)
✔ whole non-negative cents are accepted as amounts (1.171562ms)
✔ fractional or negative amounts are rejected (0.534074ms)
✔ adding amounts sums their cents (0.135702ms)
✔ a percentage of an amount rounds to the nearest cent (0.170607ms)
✔ amounts format with two fraction digits (0.215596ms)
✔ an order prices the cart, taxes the net, and ships by weight (3.108645ms)
✔ an order that cannot be fully stocked is refused before anything is priced (0.837242ms)
✔ the subtotal multiplies each line by its catalog price (1.239207ms)
✔ an empty cart has a subtotal of zero (0.168402ms)
✔ SAVE10 takes ten percent off, rounded to the cent (0.253572ms)
✔ FLAT500 takes five dollars off but never more than the amount (0.144234ms)
✔ an unknown code takes nothing off (0.197983ms)
✔ pricing a cart reports subtotal, discount, and the net (2.025937ms)
✔ weight tiers break at five and twenty kilograms (1.11229ms)
✔ a parcel with no weight is rejected (0.712835ms)
✔ domestic parcels carry only their weight tier (0.139769ms)
✔ international and express add suffixes in that order (0.114725ms)
✔ shipping cost is the tier's flat cost plus each surcharge (0.277574ms)
✔ listed regions have the rate in tax-rates.json (1.074242ms)
✔ unlisted regions are untaxed (0.381291ms)
✔ tax rounds to the nearest cent (0.11486ms)
✔ a positive integer passes (3.345916ms)
✔ zero, negatives, and fractions are rejected as quantities (0.600864ms)
✔ a non-empty string passes (0.215906ms)
✔ an empty string or a non-string is rejected (0.136563ms)
ℹ tests 39
ℹ suites 0
ℹ pass 39
ℹ fail 0
ℹ cancelled 0
ℹ skipped 0
ℹ todo 0
ℹ duration_ms 463.802859
ℹ start of coverage report
ℹ --------------------------------------------------------------
ℹ file          | line % | branch % | funcs % | uncovered lines
ℹ --------------------------------------------------------------
ℹ src           |        |          |         | 
ℹ  cart.js      | 100.00 |   100.00 |  100.00 | 
ℹ  catalog.js   | 100.00 |   100.00 |  100.00 | 
ℹ  errors.js    | 100.00 |   100.00 |  100.00 | 
ℹ  inventory.js | 100.00 |   100.00 |  100.00 | 
ℹ  money.js     | 100.00 |   100.00 |  100.00 | 
ℹ  orders.js    | 100.00 |   100.00 |  100.00 | 
ℹ  pricing.js   | 100.00 |   100.00 |  100.00 | 
ℹ  shipping.js  | 100.00 |   100.00 |  100.00 | 
ℹ  tax.js       | 100.00 |   100.00 |  100.00 | 
ℹ  validate.js  | 100.00 |   100.00 |  100.00 | 
ℹ --------------------------------------------------------------
ℹ all files     | 100.00 |   100.00 |  100.00 | 
ℹ --------------------------------------------------------------
ℹ end of coverage report
  took 769 ms

▸ 4  poly-crap on changed functions (threshold 5)
  full scan: test files changed, so every function is scored
  no changed function scores above 5
  took 20 ms

▸ 5  lawbook, model-judged standards
  skipped: set AWS_REGION, with AWS_BEARER_TOKEN_BEDROCK, access keys, or a profile, to judge with Bedrock (VERIFY_LLM=1 forces, 0 skips)
  took 5 ms

▸ 6  findings to Hunk
  no live Hunk session; wrote .verify/notes.json (0 annotation(s))
  open it with: hunk diff --agent-notes --agent-context .verify/notes.json
  took 16 ms

verify: clean (03429a90571e3226) in 1215 ms
