verify: main..working tree (merge base fbbc239)

▸ 1  syntax (node --check on changed files)
  1 file(s) ok
  took 36 ms

▸ 2  lawbook, deterministic rules on changed files
  13 passed, 0 failed, 0 warned, 0 errored, 6 skipped
  took 302 ms

▸ 3  tests with coverage
✔ adding the same sku twice accumulates its quantity (2.69338ms)
✔ adding leaves the original cart unchanged (0.325147ms)
✔ removing a sku drops its line and ignores skus that are not there (0.224111ms)
✔ a blank sku or a non-positive quantity is rejected (0.563969ms)
✔ a catalog finds products by sku (1.132058ms)
✔ an unknown sku is a not-found error naming it (0.645317ms)
✔ a product without a sku or with a fractional price is rejected (0.216863ms)
✔ a validation error names the value and what it must be (1.228239ms)
✔ a not-found error names the kind and key and says what to do (1.569381ms)
✔ an insufficient-stock error states both quantities (0.231632ms)
✔ reserving reduces stock and leaves the original map unchanged (2.629317ms)
✔ reserving more than is in stock fails and names the shortfall (0.651723ms)
✔ releasing adds stock, even for a sku never seen before (0.177895ms)
✔ a non-positive quantity cannot be reserved or released (0.181978ms)
✔ whole non-negative cents are accepted as amounts (1.507573ms)
✔ fractional or negative amounts are rejected (0.633238ms)
✔ adding amounts sums their cents (0.127991ms)
✔ a percentage of an amount rounds to the nearest cent (0.118123ms)
✔ amounts format with two fraction digits (0.345317ms)
✔ an order prices the cart, taxes the net, and ships by weight (3.031924ms)
✔ an order that cannot be fully stocked is refused before anything is priced (0.713765ms)
✔ the subtotal multiplies each line by its catalog price (1.474873ms)
✔ an empty cart has a subtotal of zero (0.20288ms)
✔ SAVE10 takes ten percent off, rounded to the cent (0.170129ms)
✔ FLAT500 takes five dollars off but never more than the amount (0.134952ms)
✔ an unknown code takes nothing off (0.189098ms)
✔ pricing a cart reports subtotal, discount, and the net (1.722132ms)
✔ weight tiers break at five and twenty kilograms (1.572723ms)
✔ a parcel with no weight is rejected (0.624331ms)
✔ domestic parcels carry only their weight tier (0.132823ms)
✔ international and express add suffixes in that order (0.108281ms)
✔ shipping cost is the tier's flat cost plus each surcharge (0.328936ms)
✔ listed regions have their own rate (1.069644ms)
✔ unlisted regions are untaxed (0.325678ms)
✔ tax rounds to the nearest cent (0.120748ms)
✔ a positive integer passes (2.258687ms)
✔ zero, negatives, and fractions are rejected as quantities (0.590541ms)
✔ a non-empty string passes (0.148647ms)
✔ an empty string or a non-string is rejected (0.131903ms)
ℹ tests 39
ℹ suites 0
ℹ pass 39
ℹ fail 0
ℹ cancelled 0
ℹ skipped 0
ℹ todo 0
ℹ duration_ms 471.540978
ℹ start of coverage report
ℹ --------------------------------------------------------------
ℹ file          | line % | branch % | funcs % | uncovered lines
ℹ --------------------------------------------------------------
ℹ src           |        |          |         | 
ℹ  cart.js      | 100.00 |   100.00 |  100.00 | 
ℹ  catalog.js   | 100.00 |   100.00 |  100.00 | 
ℹ  errors.js    | 100.00 |   100.00 |  100.00 | 
ℹ  inventory.js | 100.00 |   100.00 |  100.00 | 
ℹ  money.js     | 100.00 |   100.00 |  100.00 | 
ℹ  orders.js    | 100.00 |   100.00 |  100.00 | 
ℹ  pricing.js   | 100.00 |   100.00 |  100.00 | 
ℹ  shipping.js  | 100.00 |   100.00 |  100.00 | 
ℹ  tax.js       | 100.00 |   100.00 |  100.00 | 
ℹ  validate.js  | 100.00 |   100.00 |  100.00 | 
ℹ --------------------------------------------------------------
ℹ all files     | 100.00 |   100.00 |  100.00 | 
ℹ --------------------------------------------------------------
ℹ end of coverage report
  took 764 ms

▸ 4  poly-crap on changed functions (threshold 5)
  no changed function scores above 5
  took 34 ms

▸ 5  lawbook, model-judged standards
  skipped: set AWS_REGION, with AWS_BEARER_TOKEN_BEDROCK, access keys, or a profile, to judge with Bedrock (VERIFY_LLM=1 forces, 0 skips)
  took 4 ms

▸ 6  findings to Hunk
  no live Hunk session; wrote .verify/notes.json (0 annotation(s))
  open it with: hunk diff --agent-notes --agent-context .verify/notes.json
  took 14 ms

verify: clean (ebeefbaa9aff41d3) in 1170 ms
