verify: main..working tree (merge base c77aec7)

▸ 1  syntax (node --check on changed files)
  1 file(s) ok
  took 50 ms

▸ 2  lawbook, deterministic rules on changed files
  FAIL [library-does-no-io] src/tax.js:1: take the value as a parameter; the caller does the I/O (see placeOrder's deps)
  12 passed, 1 failed, 0 warned, 0 errored, 6 skipped
  took 316 ms

▸ 3  tests with coverage
✔ adding the same sku twice accumulates its quantity (2.6333ms)
✔ adding leaves the original cart unchanged (0.359451ms)
✔ removing a sku drops its line and ignores skus that are not there (0.221591ms)
✔ a blank sku or a non-positive quantity is rejected (0.538594ms)
✔ a catalog finds products by sku (1.346583ms)
✔ an unknown sku is a not-found error naming it (0.68039ms)
✔ a product without a sku or with a fractional price is rejected (0.242906ms)
✔ a validation error names the value and what it must be (1.027573ms)
✔ a not-found error names the kind and key and says what to do (1.404984ms)
✔ an insufficient-stock error states both quantities (0.184759ms)
✔ reserving reduces stock and leaves the original map unchanged (2.735772ms)
✔ reserving more than is in stock fails and names the shortfall (0.703496ms)
✔ releasing adds stock, even for a sku never seen before (0.174579ms)
✔ a non-positive quantity cannot be reserved or released (0.192977ms)
✔ whole non-negative cents are accepted as amounts (1.295375ms)
✔ fractional or negative amounts are rejected (0.589554ms)
✔ adding amounts sums their cents (0.133533ms)
✔ a percentage of an amount rounds to the nearest cent (0.136354ms)
✔ amounts format with two fraction digits (0.257386ms)
✔ an order prices the cart, taxes the net, and ships by weight (3.151458ms)
✔ an order that cannot be fully stocked is refused before anything is priced (0.715683ms)
✔ the subtotal multiplies each line by its catalog price (1.08974ms)
✔ an empty cart has a subtotal of zero (0.205281ms)
✔ SAVE10 takes ten percent off, rounded to the cent (0.161489ms)
✔ FLAT500 takes five dollars off but never more than the amount (0.115168ms)
✔ an unknown code takes nothing off (0.177554ms)
✔ pricing a cart reports subtotal, discount, and the net (1.633813ms)
✔ weight tiers break at five and twenty kilograms (1.138612ms)
✔ a parcel with no weight is rejected (0.598092ms)
✔ domestic parcels carry only their weight tier (0.169338ms)
✔ international and express add suffixes in that order (0.118779ms)
✔ shipping cost is the tier's flat cost plus each surcharge (0.277099ms)
✔ listed regions have their own rate (1.066021ms)
✔ unlisted regions are untaxed (0.309662ms)
✔ tax rounds to the nearest cent (0.159737ms)
✔ a positive integer passes (2.777212ms)
✔ zero, negatives, and fractions are rejected as quantities (0.578522ms)
✔ a non-empty string passes (0.215467ms)
✔ an empty string or a non-string is rejected (0.141677ms)
ℹ tests 39
ℹ suites 0
ℹ pass 39
ℹ fail 0
ℹ cancelled 0
ℹ skipped 0
ℹ todo 0
ℹ duration_ms 446.608236
ℹ start of coverage report
ℹ --------------------------------------------------------------
ℹ file          | line % | branch % | funcs % | uncovered lines
ℹ --------------------------------------------------------------
ℹ src           |        |          |         | 
ℹ  cart.js      | 100.00 |   100.00 |  100.00 | 
ℹ  catalog.js   | 100.00 |   100.00 |  100.00 | 
ℹ  errors.js    | 100.00 |   100.00 |  100.00 | 
ℹ  inventory.js | 100.00 |   100.00 |  100.00 | 
ℹ  money.js     | 100.00 |   100.00 |  100.00 | 
ℹ  orders.js    | 100.00 |   100.00 |  100.00 | 
ℹ  pricing.js   | 100.00 |   100.00 |  100.00 | 
ℹ  shipping.js  | 100.00 |   100.00 |  100.00 | 
ℹ  tax.js       | 100.00 |   100.00 |  100.00 | 
ℹ  validate.js  | 100.00 |   100.00 |  100.00 | 
ℹ --------------------------------------------------------------
ℹ all files     | 100.00 |   100.00 |  100.00 | 
ℹ --------------------------------------------------------------
ℹ end of coverage report
  took 726 ms

▸ 4  poly-crap on changed functions (threshold 5)
  no changed function scores above 5
  took 33 ms

▸ 5  lawbook, model-judged standards
  skipped: an earlier stage failed; no model requests on a red tree
  took 2 ms

▸ 6  findings to Hunk
  no live Hunk session; wrote .verify/notes.json (1 annotation(s))
  open it with: hunk diff --agent-notes --agent-context .verify/notes.json
  took 17 ms

verify: 1 finding(s) in 1161 ms. Fix only what is named above, then run again.
