verify: main..working tree (merge base 179ca17)

▸ 1  syntax (node --check on changed files)
  2 file(s) ok
  took 74 ms

▸ 2  lawbook, deterministic rules on changed files
  13 passed, 0 failed, 0 warned, 0 errored, 6 skipped
  took 341 ms

▸ 3  tests with coverage
✔ adding the same sku twice accumulates its quantity (2.587161ms)
✔ adding leaves the original cart unchanged (0.25608ms)
✔ removing a sku drops its line and ignores skus that are not there (0.250071ms)
✔ a blank sku or a non-positive quantity is rejected (0.489429ms)
✔ a catalog finds products by sku (1.105216ms)
✔ an unknown sku is a not-found error naming it (0.596433ms)
✔ a product without a sku or with a fractional price is rejected (0.22148ms)
✔ a validation error names the value and what it must be (1.051385ms)
✔ a not-found error names the kind and key and says what to do (1.673197ms)
✔ an insufficient-stock error states both quantities (0.282379ms)
✔ reserving reduces stock and leaves the original map unchanged (4.972478ms)
✔ reserving more than is in stock fails and names the shortfall (0.678587ms)
✔ releasing adds stock, even for a sku never seen before (0.212507ms)
✔ a non-positive quantity cannot be reserved or released (0.185224ms)
✔ whole non-negative cents are accepted as amounts (1.0803ms)
✔ fractional or negative amounts are rejected (0.535659ms)
✔ adding amounts sums their cents (0.172688ms)
✔ a percentage of an amount rounds to the nearest cent (0.125619ms)
✔ amounts format with two fraction digits (1.7359ms)
✔ an order prices the cart, taxes the net, and ships by weight (3.35404ms)
✔ an order that cannot be fully stocked is refused before anything is priced (0.774632ms)
✔ refunds depend on the reason (0.172722ms)
✔ the subtotal multiplies each line by its catalog price (1.196748ms)
✔ an empty cart has a subtotal of zero (0.158011ms)
✔ SAVE10 takes ten percent off, rounded to the cent (0.158649ms)
✔ FLAT500 takes five dollars off but never more than the amount (0.122834ms)
✔ an unknown code takes nothing off (0.227569ms)
✔ pricing a cart reports subtotal, discount, and the net (1.580839ms)
✔ weight tiers break at five and twenty kilograms (1.180271ms)
✔ a parcel with no weight is rejected (0.567105ms)
✔ domestic parcels carry only their weight tier (0.130152ms)
✔ international and express add suffixes in that order (0.109149ms)
✔ shipping cost is the tier's flat cost plus each surcharge (0.275749ms)
✔ listed regions have their own rate (3.644067ms)
✔ unlisted regions are untaxed (0.282055ms)
✔ tax rounds to the nearest cent (0.129878ms)
✔ a positive integer passes (3.251397ms)
✔ zero, negatives, and fractions are rejected as quantities (0.875955ms)
✔ a non-empty string passes (0.256145ms)
✔ an empty string or a non-string is rejected (0.26483ms)
ℹ tests 40
ℹ suites 0
ℹ pass 40
ℹ fail 0
ℹ cancelled 0
ℹ skipped 0
ℹ todo 0
ℹ duration_ms 491.123302
ℹ start of coverage report
ℹ --------------------------------------------------------------
ℹ file          | line % | branch % | funcs % | uncovered lines
ℹ --------------------------------------------------------------
ℹ src           |        |          |         | 
ℹ  cart.js      | 100.00 |   100.00 |  100.00 | 
ℹ  catalog.js   | 100.00 |   100.00 |  100.00 | 
ℹ  errors.js    | 100.00 |   100.00 |  100.00 | 
ℹ  inventory.js | 100.00 |   100.00 |  100.00 | 
ℹ  money.js     | 100.00 |   100.00 |  100.00 | 
ℹ  orders.js    | 100.00 |   100.00 |  100.00 | 
ℹ  pricing.js   | 100.00 |   100.00 |  100.00 | 
ℹ  shipping.js  | 100.00 |   100.00 |  100.00 | 
ℹ  tax.js       | 100.00 |   100.00 |  100.00 | 
ℹ  validate.js  | 100.00 |   100.00 |  100.00 | 
ℹ --------------------------------------------------------------
ℹ all files     | 100.00 |   100.00 |  100.00 | 
ℹ --------------------------------------------------------------
ℹ end of coverage report
  took 762 ms

▸ 4  poly-crap on changed functions (threshold 5)
  full scan: test files changed, so every function is scored
  no changed function scores above 5
  took 16 ms

▸ 5  lawbook, model-judged standards
  skipped: set AWS_REGION, with AWS_BEARER_TOKEN_BEDROCK, access keys, or a profile, to judge with Bedrock (VERIFY_LLM=1 forces, 0 skips)
  took 4 ms

▸ 6  findings to Hunk
  no live Hunk session; wrote .verify/notes.json (0 annotation(s))
  open it with: hunk diff --agent-notes --agent-context .verify/notes.json
  took 15 ms

verify: clean (d95e0b815a56aff2) in 1227 ms
