verify: main..working tree (merge base 69d268b)

▸ 1  syntax (node --check on changed files)
  2 file(s) ok
  took 70 ms

▸ 2  lawbook, deterministic rules on changed files
  13 passed, 0 failed, 0 warned, 0 errored, 6 skipped
  took 344 ms

▸ 3  tests with coverage
✔ adding the same sku twice accumulates its quantity (2.759992ms)
✔ adding leaves the original cart unchanged (0.327288ms)
✔ removing a sku drops its line and ignores skus that are not there (0.20743ms)
✔ a blank sku or a non-positive quantity is rejected (0.594688ms)
✔ a catalog finds products by sku (1.414975ms)
✔ an unknown sku is a not-found error naming it (0.640854ms)
✔ a product without a sku or with a fractional price is rejected (0.218043ms)
✔ a validation error names the value and what it must be (1.034152ms)
✔ a not-found error names the kind and key and says what to do (1.623083ms)
✔ an insufficient-stock error states both quantities (0.218237ms)
✔ reserving reduces stock and leaves the original map unchanged (2.535895ms)
✔ reserving more than is in stock fails and names the shortfall (0.660418ms)
✔ releasing adds stock, even for a sku never seen before (0.236208ms)
✔ a non-positive quantity cannot be reserved or released (0.189279ms)
✔ whole non-negative cents are accepted as amounts (1.972008ms)
✔ fractional or negative amounts are rejected (0.881841ms)
✔ adding amounts sums their cents (0.171643ms)
✔ a percentage of an amount rounds to the nearest cent (0.130777ms)
✔ amounts format with two fraction digits (0.338958ms)
✔ an order prices the cart, taxes the net, and ships by weight (4.489339ms)
✔ an order that cannot be fully stocked is refused before anything is priced (0.743439ms)
✔ a receipt lists each line, the discount, and every amount as currency (0.251605ms)
✔ a receipt omits the discount line when the order has no discount (0.269169ms)
✔ the subtotal multiplies each line by its catalog price (1.108298ms)
✔ an empty cart has a subtotal of zero (0.493522ms)
✔ SAVE10 takes ten percent off, rounded to the cent (0.452754ms)
✔ FLAT500 takes five dollars off but never more than the amount (0.15997ms)
✔ an unknown code takes nothing off (0.693737ms)
✔ pricing a cart reports subtotal, discount, and the net (7.582169ms)
✔ weight tiers break at five and twenty kilograms (1.159599ms)
✔ a parcel with no weight is rejected (0.566543ms)
✔ domestic parcels carry only their weight tier (0.138737ms)
✔ international and express add suffixes in that order (0.148607ms)
✔ shipping cost is the tier's flat cost plus each surcharge (0.281117ms)
✔ listed regions have their own rate (4.024021ms)
✔ unlisted regions are untaxed (0.573853ms)
✔ tax rounds to the nearest cent (0.251346ms)
✔ a positive integer passes (2.683806ms)
✔ zero, negatives, and fractions are rejected as quantities (0.584894ms)
✔ a non-empty string passes (0.145619ms)
✔ an empty string or a non-string is rejected (0.175388ms)
ℹ tests 41
ℹ suites 0
ℹ pass 41
ℹ fail 0
ℹ cancelled 0
ℹ skipped 0
ℹ todo 0
ℹ duration_ms 456.826308
ℹ start of coverage report
ℹ --------------------------------------------------------------
ℹ file          | line % | branch % | funcs % | uncovered lines
ℹ --------------------------------------------------------------
ℹ src           |        |          |         | 
ℹ  cart.js      | 100.00 |   100.00 |  100.00 | 
ℹ  catalog.js   | 100.00 |   100.00 |  100.00 | 
ℹ  errors.js    | 100.00 |   100.00 |  100.00 | 
ℹ  inventory.js | 100.00 |   100.00 |  100.00 | 
ℹ  money.js     | 100.00 |   100.00 |  100.00 | 
ℹ  orders.js    | 100.00 |   100.00 |  100.00 | 
ℹ  pricing.js   | 100.00 |   100.00 |  100.00 | 
ℹ  shipping.js  | 100.00 |   100.00 |  100.00 | 
ℹ  tax.js       | 100.00 |   100.00 |  100.00 | 
ℹ  validate.js  | 100.00 |   100.00 |  100.00 | 
ℹ --------------------------------------------------------------
ℹ all files     | 100.00 |   100.00 |  100.00 | 
ℹ --------------------------------------------------------------
ℹ end of coverage report
  took 764 ms

▸ 4  poly-crap on changed functions (threshold 5)
  full scan: test files changed, so every function is scored
  no changed function scores above 5
  took 20 ms

▸ 5  lawbook, model-judged standards
  skipped: set AWS_REGION, with AWS_BEARER_TOKEN_BEDROCK, access keys, or a profile, to judge with Bedrock (VERIFY_LLM=1 forces, 0 skips)
  took 4 ms

▸ 6  findings to Hunk
  no live Hunk session; wrote .verify/notes.json (0 annotation(s))
  open it with: hunk diff --agent-notes --agent-context .verify/notes.json
  took 15 ms

verify: clean (c426861d578619b5) in 1234 ms
