verify: main..working tree (merge base 1befeb9)

▸ 1  syntax (node --check on changed files)
  2 file(s) ok
  took 85 ms

▸ 2  lawbook, deterministic rules on changed files
  13 passed, 0 failed, 0 warned, 0 errored, 6 skipped
  took 342 ms

▸ 3  tests with coverage
✔ adding the same sku twice accumulates its quantity (2.929379ms)
✔ adding leaves the original cart unchanged (0.348352ms)
✔ removing a sku drops its line and ignores skus that are not there (0.205066ms)
✔ a blank sku or a non-positive quantity is rejected (0.570936ms)
✔ a catalog finds products by sku (1.176175ms)
✔ an unknown sku is a not-found error naming it (0.65945ms)
✔ a product without a sku or with a fractional price is rejected (0.21627ms)
✔ a validation error names the value and what it must be (1.064372ms)
✔ a not-found error names the kind and key and says what to do (1.997944ms)
✔ an insufficient-stock error states both quantities (0.199063ms)
✔ reserving reduces stock and leaves the original map unchanged (2.475099ms)
✔ reserving more than is in stock fails and names the shortfall (0.738098ms)
✔ releasing adds stock, even for a sku never seen before (0.276455ms)
✔ a non-positive quantity cannot be reserved or released (0.202151ms)
✔ whole non-negative cents are accepted as amounts (1.114961ms)
✔ fractional or negative amounts are rejected (0.561158ms)
✔ adding amounts sums their cents (0.125649ms)
✔ a percentage of an amount rounds to the nearest cent (0.128719ms)
✔ amounts format with two fraction digits (0.2186ms)
✔ an order prices the cart, taxes the net, and ships by weight (3.872271ms)
✔ an order that cannot be fully stocked is refused before anything is priced (0.788446ms)
✔ the subtotal multiplies each line by its catalog price (1.269188ms)
✔ an empty cart has a subtotal of zero (0.154153ms)
✔ SAVE10 takes ten percent off, rounded to the cent (0.152854ms)
✔ FLAT500 takes five dollars off but never more than the amount (0.152653ms)
✔ an unknown code takes nothing off (0.203428ms)
✔ pricing a cart reports subtotal, discount, and the net (1.599902ms)
✔ weight tiers break at five and twenty kilograms (1.121221ms)
✔ a parcel with no weight is rejected (0.612047ms)
✔ domestic parcels carry only their weight tier (0.132195ms)
✔ international and express add suffixes in that order (0.130055ms)
✔ shipping cost is the tier's flat cost plus each surcharge (0.287786ms)
✔ listed regions have their own rate (2.316542ms)
✔ unlisted regions are untaxed (0.295018ms)
✔ tax rounds to the nearest cent (0.129745ms)
✔ a positive integer passes (2.673259ms)
✔ zero, negatives, and fractions are rejected as quantities (1.010587ms)
✔ a non-empty string passes (0.275251ms)
✔ an empty string or a non-string is rejected (0.22497ms)
ℹ tests 39
ℹ suites 0
ℹ pass 39
ℹ fail 0
ℹ cancelled 0
ℹ skipped 0
ℹ todo 0
ℹ duration_ms 462.146915
ℹ start of coverage report
ℹ --------------------------------------------------------------
ℹ file          | line % | branch % | funcs % | uncovered lines
ℹ --------------------------------------------------------------
ℹ src           |        |          |         | 
ℹ  cart.js      | 100.00 |   100.00 |  100.00 | 
ℹ  catalog.js   | 100.00 |   100.00 |  100.00 | 
ℹ  errors.js    | 100.00 |   100.00 |  100.00 | 
ℹ  inventory.js | 100.00 |   100.00 |  100.00 | 
ℹ  money.js     | 100.00 |   100.00 |  100.00 | 
ℹ  orders.js    | 100.00 |   100.00 |  100.00 | 
ℹ  pricing.js   | 100.00 |   100.00 |  100.00 | 
ℹ  shipping.js  | 100.00 |   100.00 |  100.00 | 
ℹ  tax.js       | 100.00 |   100.00 |  100.00 | 
ℹ  validate.js  | 100.00 |   100.00 |  100.00 | 
ℹ --------------------------------------------------------------
ℹ all files     | 100.00 |   100.00 |  100.00 | 
ℹ --------------------------------------------------------------
ℹ end of coverage report
  took 756 ms

▸ 4  poly-crap on changed functions (threshold 5)
  full scan: test files changed, so every function is scored
  no changed function scores above 5
  took 21 ms

▸ 5  lawbook, model-judged standards
  skipped: set AWS_REGION, with AWS_BEARER_TOKEN_BEDROCK, access keys, or a profile, to judge with Bedrock (VERIFY_LLM=1 forces, 0 skips)
  took 4 ms

▸ 6  findings to Hunk
  no live Hunk session; wrote .verify/notes.json (0 annotation(s))
  open it with: hunk diff --agent-notes --agent-context .verify/notes.json
  took 15 ms

verify: clean (a23c4433e1bd829a) in 1238 ms
