verify: main..working tree (merge base 89ad681)

▸ 1  syntax (node --check on changed files)
  2 file(s) ok
  took 65 ms

▸ 2  lawbook, deterministic rules on changed files
  13 passed, 0 failed, 0 warned, 0 errored, 6 skipped
  took 313 ms

▸ 3  tests with coverage
✔ adding the same sku twice accumulates its quantity (2.603996ms)
✔ adding leaves the original cart unchanged (0.265922ms)
✔ removing a sku drops its line and ignores skus that are not there (0.189892ms)
✔ a blank sku or a non-positive quantity is rejected (0.540125ms)
✔ a catalog finds products by sku (1.979315ms)
✔ an unknown sku is a not-found error naming it (0.673313ms)
✔ a product without a sku or with a fractional price is rejected (0.228598ms)
✔ a validation error names the value and what it must be (1.096237ms)
✔ a not-found error names the kind and key and says what to do (1.695421ms)
✔ an insufficient-stock error states both quantities (0.257117ms)
✔ reserving reduces stock and leaves the original map unchanged (2.461237ms)
✔ reserving more than is in stock fails and names the shortfall (0.659239ms)
✔ releasing adds stock, even for a sku never seen before (0.173341ms)
✔ a non-positive quantity cannot be reserved or released (0.305282ms)
✔ whole non-negative cents are accepted as amounts (1.222015ms)
✔ fractional or negative amounts are rejected (0.530113ms)
✔ adding amounts sums their cents (0.138203ms)
✔ a percentage of an amount rounds to the nearest cent (0.118681ms)
✔ amounts format with two fraction digits (0.214ms)
✔ an order prices the cart, taxes the net, and ships by weight (3.201073ms)
✔ a receipt lists lines and amounts, with the discount only when there is one (0.823344ms)
✔ an order that cannot be fully stocked is refused before anything is priced (0.642346ms)
✔ the subtotal multiplies each line by its catalog price (1.138943ms)
✔ an empty cart has a subtotal of zero (0.150628ms)
✔ SAVE10 takes ten percent off, rounded to the cent (0.158584ms)
✔ FLAT500 takes five dollars off but never more than the amount (0.110801ms)
✔ an unknown code takes nothing off (0.188162ms)
✔ pricing a cart reports subtotal, discount, and the net (1.90062ms)
✔ weight tiers break at five and twenty kilograms (1.105674ms)
✔ a parcel with no weight is rejected (0.527633ms)
✔ domestic parcels carry only their weight tier (0.124605ms)
✔ international and express add suffixes in that order (0.149586ms)
✔ shipping cost is the tier's flat cost plus each surcharge (0.251618ms)
✔ listed regions have their own rate (2.452269ms)
✔ unlisted regions are untaxed (0.443236ms)
✔ tax rounds to the nearest cent (0.216498ms)
✔ a positive integer passes (2.305105ms)
✔ zero, negatives, and fractions are rejected as quantities (0.591083ms)
✔ a non-empty string passes (0.146763ms)
✔ an empty string or a non-string is rejected (0.129366ms)
ℹ tests 40
ℹ suites 0
ℹ pass 40
ℹ fail 0
ℹ cancelled 0
ℹ skipped 0
ℹ todo 0
ℹ duration_ms 430.627631
ℹ start of coverage report
ℹ --------------------------------------------------------------
ℹ file          | line % | branch % | funcs % | uncovered lines
ℹ --------------------------------------------------------------
ℹ src           |        |          |         | 
ℹ  cart.js      | 100.00 |   100.00 |  100.00 | 
ℹ  catalog.js   | 100.00 |   100.00 |  100.00 | 
ℹ  errors.js    | 100.00 |   100.00 |  100.00 | 
ℹ  inventory.js | 100.00 |   100.00 |  100.00 | 
ℹ  money.js     | 100.00 |   100.00 |  100.00 | 
ℹ  orders.js    | 100.00 |   100.00 |  100.00 | 
ℹ  pricing.js   | 100.00 |   100.00 |  100.00 | 
ℹ  shipping.js  | 100.00 |   100.00 |  100.00 | 
ℹ  tax.js       | 100.00 |   100.00 |  100.00 | 
ℹ  validate.js  | 100.00 |   100.00 |  100.00 | 
ℹ --------------------------------------------------------------
ℹ all files     | 100.00 |   100.00 |  100.00 | 
ℹ --------------------------------------------------------------
ℹ end of coverage report
  took 667 ms

▸ 4  poly-crap on changed functions (threshold 5)
  full scan: test files changed, so every function is scored
  no changed function scores above 5
  took 19 ms

▸ 5  lawbook, model-judged standards
  skipped: set AWS_REGION, with AWS_BEARER_TOKEN_BEDROCK, access keys, or a profile, to judge with Bedrock (VERIFY_LLM=1 forces, 0 skips)
  took 4 ms

▸ 6  findings to Hunk
  no live Hunk session; wrote .verify/notes.json (0 annotation(s))
  open it with: hunk diff --agent-notes --agent-context .verify/notes.json
  took 19 ms

verify: clean (4745cd096e195308) in 1104 ms
