verify: main..working tree (merge base 69b1855)

▸ 1  syntax (node --check on changed files)
  2 file(s) ok
  took 64 ms

▸ 2  lawbook, deterministic rules on changed files
  13 passed, 0 failed, 0 warned, 0 errored, 6 skipped
  took 315 ms

▸ 3  tests with coverage
✔ adding the same sku twice accumulates its quantity (2.568762ms)
✔ adding leaves the original cart unchanged (0.305117ms)
✔ removing a sku drops its line and ignores skus that are not there (0.206582ms)
✔ a blank sku or a non-positive quantity is rejected (0.536998ms)
✔ a catalog finds products by sku (1.108572ms)
✔ an unknown sku is a not-found error naming it (0.64272ms)
✔ a product without a sku or with a fractional price is rejected (0.212247ms)
✔ a validation error names the value and what it must be (1.049412ms)
✔ a not-found error names the kind and key and says what to do (1.684014ms)
✔ an insufficient-stock error states both quantities (0.284143ms)
✔ reserving reduces stock and leaves the original map unchanged (2.821353ms)
✔ reserving more than is in stock fails and names the shortfall (0.713449ms)
✔ releasing adds stock, even for a sku never seen before (0.191493ms)
✔ a non-positive quantity cannot be reserved or released (0.214105ms)
✔ whole non-negative cents are accepted as amounts (1.14567ms)
✔ fractional or negative amounts are rejected (0.580023ms)
✔ adding amounts sums their cents (0.124878ms)
✔ a percentage of an amount rounds to the nearest cent (0.117445ms)
✔ amounts format with two fraction digits (0.278171ms)
✔ an order prices the cart, taxes the net, and ships by weight (3.383885ms)
✔ an order that cannot be fully stocked is refused before anything is priced (0.809694ms)
✔ a damaged order refunds the full total (0.168811ms)
✔ a late order refunds the shipping cost (0.129079ms)
✔ a changed-mind order refunds the net minus a 10% restocking fee, rounded to the cent (0.117515ms)
✔ an unrecognised reason refunds nothing (0.089908ms)
✔ the subtotal multiplies each line by its catalog price (2.850787ms)
✔ an empty cart has a subtotal of zero (0.19617ms)
✔ SAVE10 takes ten percent off, rounded to the cent (0.156199ms)
✔ FLAT500 takes five dollars off but never more than the amount (0.112139ms)
✔ an unknown code takes nothing off (0.192986ms)
✔ pricing a cart reports subtotal, discount, and the net (1.956918ms)
✔ weight tiers break at five and twenty kilograms (1.108168ms)
✔ a parcel with no weight is rejected (0.534844ms)
✔ domestic parcels carry only their weight tier (0.198615ms)
✔ international and express add suffixes in that order (0.16477ms)
✔ shipping cost is the tier's flat cost plus each surcharge (0.264309ms)
✔ listed regions have their own rate (2.990787ms)
✔ unlisted regions are untaxed (0.385912ms)
✔ tax rounds to the nearest cent (0.131109ms)
✔ a positive integer passes (2.380309ms)
✔ zero, negatives, and fractions are rejected as quantities (0.5613ms)
✔ a non-empty string passes (0.176344ms)
✔ an empty string or a non-string is rejected (0.133939ms)
ℹ tests 43
ℹ suites 0
ℹ pass 43
ℹ fail 0
ℹ cancelled 0
ℹ skipped 0
ℹ todo 0
ℹ duration_ms 459.337462
ℹ start of coverage report
ℹ --------------------------------------------------------------
ℹ file          | line % | branch % | funcs % | uncovered lines
ℹ --------------------------------------------------------------
ℹ src           |        |          |         | 
ℹ  cart.js      | 100.00 |   100.00 |  100.00 | 
ℹ  catalog.js   | 100.00 |   100.00 |  100.00 | 
ℹ  errors.js    | 100.00 |   100.00 |  100.00 | 
ℹ  inventory.js | 100.00 |   100.00 |  100.00 | 
ℹ  money.js     | 100.00 |   100.00 |  100.00 | 
ℹ  orders.js    | 100.00 |   100.00 |  100.00 | 
ℹ  pricing.js   | 100.00 |   100.00 |  100.00 | 
ℹ  shipping.js  | 100.00 |   100.00 |  100.00 | 
ℹ  tax.js       | 100.00 |   100.00 |  100.00 | 
ℹ  validate.js  | 100.00 |   100.00 |  100.00 | 
ℹ --------------------------------------------------------------
ℹ all files     | 100.00 |   100.00 |  100.00 | 
ℹ --------------------------------------------------------------
ℹ end of coverage report
  took 708 ms

▸ 4  poly-crap on changed functions (threshold 5)
  full scan: test files changed, so every function is scored
  no changed function scores above 5
  took 19 ms

▸ 5  lawbook, model-judged standards
  skipped: set AWS_REGION, with AWS_BEARER_TOKEN_BEDROCK, access keys, or a profile, to judge with Bedrock (VERIFY_LLM=1 forces, 0 skips)
  took 5 ms

▸ 6  findings to Hunk
  no live Hunk session; wrote .verify/notes.json (0 annotation(s))
  open it with: hunk diff --agent-notes --agent-context .verify/notes.json
  took 17 ms

verify: clean (6b3b423985271429) in 1145 ms
