verify: main..working tree (merge base 053d4f6)

▸ 1  syntax (node --check on changed files)
  2 file(s) ok
  took 61 ms

▸ 2  lawbook, deterministic rules on changed files
  13 passed, 0 failed, 0 warned, 0 errored, 6 skipped
  took 345 ms

▸ 3  tests with coverage
✔ adding the same sku twice accumulates its quantity (2.828886ms)
✔ adding leaves the original cart unchanged (0.270517ms)
✔ removing a sku drops its line and ignores skus that are not there (0.200439ms)
✔ a blank sku or a non-positive quantity is rejected (0.552002ms)
✔ a catalog finds products by sku (1.120546ms)
✔ an unknown sku is a not-found error naming it (0.655767ms)
✔ a product without a sku or with a fractional price is rejected (0.228998ms)
✔ a validation error names the value and what it must be (1.033128ms)
✔ a not-found error names the kind and key and says what to do (1.377199ms)
✔ an insufficient-stock error states both quantities (0.247401ms)
✔ reserving reduces stock and leaves the original map unchanged (2.532809ms)
✔ reserving more than is in stock fails and names the shortfall (0.620068ms)
✔ releasing adds stock, even for a sku never seen before (0.267834ms)
✔ a non-positive quantity cannot be reserved or released (0.204775ms)
✔ whole non-negative cents are accepted as amounts (1.104382ms)
✔ fractional or negative amounts are rejected (0.599528ms)
✔ adding amounts sums their cents (0.135785ms)
✔ a percentage of an amount rounds to the nearest cent (0.120058ms)
✔ amounts format with two fraction digits (0.203347ms)
✔ an order prices the cart, taxes the net, and ships by weight (3.835341ms)
✔ an order that cannot be fully stocked is refused before anything is priced (0.820944ms)
✔ the subtotal multiplies each line by its catalog price (1.447977ms)
✔ an empty cart has a subtotal of zero (0.172833ms)
✔ SAVE10 takes ten percent off, rounded to the cent (0.154215ms)
✔ FLAT500 takes five dollars off but never more than the amount (0.18468ms)
✔ an unknown code takes nothing off (0.213715ms)
✔ pricing a cart reports subtotal, discount, and the net (1.840524ms)
✔ weight tiers break at five and twenty kilograms (1.088095ms)
✔ a parcel with no weight is rejected (0.554162ms)
✔ domestic parcels carry only their weight tier (0.295421ms)
✔ international and express add suffixes in that order (0.163661ms)
✔ freight parcels put express before intl (0.20812ms)
✔ shipping cost is the tier's flat cost plus each surcharge (0.185196ms)
✔ listed regions have their own rate (2.462806ms)
✔ unlisted regions are untaxed (0.317068ms)
✔ tax rounds to the nearest cent (0.118812ms)
✔ a positive integer passes (3.176624ms)
✔ zero, negatives, and fractions are rejected as quantities (0.686732ms)
✔ a non-empty string passes (0.175264ms)
✔ an empty string or a non-string is rejected (0.155635ms)
ℹ tests 40
ℹ suites 0
ℹ pass 40
ℹ fail 0
ℹ cancelled 0
ℹ skipped 0
ℹ todo 0
ℹ duration_ms 473.497435
ℹ start of coverage report
ℹ --------------------------------------------------------------
ℹ file          | line % | branch % | funcs % | uncovered lines
ℹ --------------------------------------------------------------
ℹ src           |        |          |         | 
ℹ  cart.js      | 100.00 |   100.00 |  100.00 | 
ℹ  catalog.js   | 100.00 |   100.00 |  100.00 | 
ℹ  errors.js    | 100.00 |   100.00 |  100.00 | 
ℹ  inventory.js | 100.00 |   100.00 |  100.00 | 
ℹ  money.js     | 100.00 |   100.00 |  100.00 | 
ℹ  orders.js    | 100.00 |   100.00 |  100.00 | 
ℹ  pricing.js   | 100.00 |   100.00 |  100.00 | 
ℹ  shipping.js  | 100.00 |   100.00 |  100.00 | 
ℹ  tax.js       | 100.00 |   100.00 |  100.00 | 
ℹ  validate.js  | 100.00 |   100.00 |  100.00 | 
ℹ --------------------------------------------------------------
ℹ all files     | 100.00 |   100.00 |  100.00 | 
ℹ --------------------------------------------------------------
ℹ end of coverage report
  took 735 ms

▸ 4  poly-crap on changed functions (threshold 5)
  full scan: test files changed, so every function is scored
  no changed function scores above 5
  took 18 ms

▸ 5  lawbook, model-judged standards
  skipped: set AWS_REGION, with AWS_BEARER_TOKEN_BEDROCK, access keys, or a profile, to judge with Bedrock (VERIFY_LLM=1 forces, 0 skips)
  took 4 ms

▸ 6  findings to Hunk
  no live Hunk session; wrote .verify/notes.json (0 annotation(s))
  open it with: hunk diff --agent-notes --agent-context .verify/notes.json
  took 17 ms

verify: clean (62fbef009b232eb6) in 1196 ms
