verify: main..working tree (merge base 5766407)

▸ 1  syntax (node --check on changed files)
  2 file(s) ok
  took 98 ms

▸ 2  lawbook, deterministic rules on changed files
  13 passed, 0 failed, 0 warned, 0 errored, 6 skipped
  took 330 ms

▸ 3  tests with coverage
✔ adding the same sku twice accumulates its quantity (5.599864ms)
✔ adding leaves the original cart unchanged (0.596579ms)
✔ removing a sku drops its line and ignores skus that are not there (0.445343ms)
✔ a blank sku or a non-positive quantity is rejected (0.968584ms)
✔ a catalog finds products by sku (1.530061ms)
✔ an unknown sku is a not-found error naming it (0.833943ms)
✔ a product without a sku or with a fractional price is rejected (0.306068ms)
✔ a validation error names the value and what it must be (1.047237ms)
✔ a not-found error names the kind and key and says what to do (2.182066ms)
✔ an insufficient-stock error states both quantities (0.223456ms)
✔ reserving reduces stock and leaves the original map unchanged (2.636395ms)
✔ reserving more than is in stock fails and names the shortfall (0.725864ms)
✔ releasing adds stock, even for a sku never seen before (0.178649ms)
✔ a non-positive quantity cannot be reserved or released (0.185833ms)
✔ whole non-negative cents are accepted as amounts (1.158607ms)
✔ fractional or negative amounts are rejected (0.58201ms)
✔ adding amounts sums their cents (0.125196ms)
✔ a percentage of an amount rounds to the nearest cent (0.124752ms)
✔ amounts format with two fraction digits (0.252255ms)
✔ an order prices the cart, taxes the net, and ships by weight (3.089905ms)
✔ an order that cannot be fully stocked is refused before anything is priced (0.784896ms)
✔ the subtotal multiplies each line by its catalog price (1.393351ms)
✔ an empty cart has a subtotal of zero (0.167309ms)
✔ SAVE10 takes ten percent off, rounded to the cent (0.230014ms)
✔ FLAT500 takes five dollars off but never more than the amount (0.169451ms)
✔ an unknown code takes nothing off (0.186186ms)
✔ pricing a cart reports subtotal, discount, and the net (1.765552ms)
✔ a standard member earns one point per whole dollar, ignoring leftover cents (0.208059ms)
✔ a silver member earns double points (0.177719ms)
✔ a gold member earns triple points (0.121678ms)
✔ express shipping adds a 50 point bonus (0.118298ms)
✔ a discount halves a silver member's points including the bonus (0.173199ms)
✔ a discount halves points rounding down to a whole number (0.107631ms)
✔ a gold member keeps all points when a discount was taken (0.099802ms)
✔ an order under one dollar earns no points (1.41004ms)
✔ a negative net amount is rejected (0.714476ms)
✔ weight tiers break at five and twenty kilograms (1.115034ms)
✔ a parcel with no weight is rejected (0.583179ms)
✔ domestic parcels carry only their weight tier (0.176028ms)
✔ international and express add suffixes in that order (0.13075ms)
✔ shipping cost is the tier's flat cost plus each surcharge (0.275856ms)
✔ listed regions have their own rate (2.369804ms)
✔ unlisted regions are untaxed (0.29188ms)
✔ tax rounds to the nearest cent (0.191661ms)
✔ a positive integer passes (2.698759ms)
✔ zero, negatives, and fractions are rejected as quantities (0.7443ms)
✔ a non-empty string passes (0.166548ms)
✔ an empty string or a non-string is rejected (0.166297ms)
ℹ tests 48
ℹ suites 0
ℹ pass 48
ℹ fail 0
ℹ cancelled 0
ℹ skipped 0
ℹ todo 0
ℹ duration_ms 468.018812
ℹ start of coverage report
ℹ --------------------------------------------------------------
ℹ file          | line % | branch % | funcs % | uncovered lines
ℹ --------------------------------------------------------------
ℹ src           |        |          |         | 
ℹ  cart.js      | 100.00 |   100.00 |  100.00 | 
ℹ  catalog.js   | 100.00 |   100.00 |  100.00 | 
ℹ  errors.js    | 100.00 |   100.00 |  100.00 | 
ℹ  inventory.js | 100.00 |   100.00 |  100.00 | 
ℹ  money.js     | 100.00 |   100.00 |  100.00 | 
ℹ  orders.js    | 100.00 |   100.00 |  100.00 | 
ℹ  pricing.js   | 100.00 |   100.00 |  100.00 | 
ℹ  shipping.js  | 100.00 |   100.00 |  100.00 | 
ℹ  tax.js       | 100.00 |   100.00 |  100.00 | 
ℹ  validate.js  | 100.00 |   100.00 |  100.00 | 
ℹ --------------------------------------------------------------
ℹ all files     | 100.00 |   100.00 |  100.00 | 
ℹ --------------------------------------------------------------
ℹ end of coverage report
  took 731 ms

▸ 4  poly-crap on changed functions (threshold 5)
  full scan: test files changed, so every function is scored
  no changed function scores above 5
  took 18 ms

▸ 5  lawbook, model-judged standards
  skipped: set AWS_REGION, with AWS_BEARER_TOKEN_BEDROCK, access keys, or a profile, to judge with Bedrock (VERIFY_LLM=1 forces, 0 skips)
  took 5 ms

▸ 6  findings to Hunk
  no live Hunk session; wrote .verify/notes.json (0 annotation(s))
  open it with: hunk diff --agent-notes --agent-context .verify/notes.json
  took 17 ms

verify: clean (7790934988ca6d15) in 1217 ms
