verify: main..working tree (merge base fc91cef)

▸ 1  syntax (node --check on changed files)
  2 file(s) ok
  took 66 ms

▸ 2  lawbook, deterministic rules on changed files
  13 passed, 0 failed, 0 warned, 0 errored, 6 skipped
  took 324 ms

▸ 3  tests with coverage
✔ adding the same sku twice accumulates its quantity (2.700676ms)
✔ adding leaves the original cart unchanged (0.289902ms)
✔ removing a sku drops its line and ignores skus that are not there (0.188663ms)
✔ a blank sku or a non-positive quantity is rejected (0.563384ms)
✔ a catalog finds products by sku (1.738285ms)
✔ an unknown sku is a not-found error naming it (0.958818ms)
✔ a product without a sku or with a fractional price is rejected (0.619914ms)
✔ a validation error names the value and what it must be (1.908075ms)
✔ a not-found error names the kind and key and says what to do (1.762858ms)
✔ an insufficient-stock error states both quantities (0.188875ms)
✔ reserving reduces stock and leaves the original map unchanged (2.562861ms)
✔ reserving more than is in stock fails and names the shortfall (0.635459ms)
✔ a failed reservation records the sku, quantity wanted and quantity available (0.284124ms)
✔ releasing adds stock, even for a sku never seen before (0.16262ms)
✔ a non-positive quantity cannot be reserved or released (0.172844ms)
✔ whole non-negative cents are accepted as amounts (1.157536ms)
✔ fractional or negative amounts are rejected (0.629445ms)
✔ adding amounts sums their cents (0.133575ms)
✔ a percentage of an amount rounds to the nearest cent (0.117508ms)
✔ amounts format with two fraction digits (0.21494ms)
✔ an order prices the cart, taxes the net, and ships by weight (2.990534ms)
✔ an order that cannot be fully stocked is refused before anything is priced (0.736181ms)
✔ the subtotal multiplies each line by its catalog price (1.097655ms)
✔ an empty cart has a subtotal of zero (0.15294ms)
✔ SAVE10 takes ten percent off, rounded to the cent (0.165173ms)
✔ FLAT500 takes five dollars off but never more than the amount (0.112977ms)
✔ an unknown code takes nothing off (0.18849ms)
✔ pricing a cart reports subtotal, discount, and the net (1.675316ms)
✔ weight tiers break at five and twenty kilograms (1.059156ms)
✔ a parcel with no weight is rejected (0.560328ms)
✔ domestic parcels carry only their weight tier (0.123229ms)
✔ international and express add suffixes in that order (0.108009ms)
✔ shipping cost is the tier's flat cost plus each surcharge (0.260678ms)
✔ listed regions have their own rate (3.176503ms)
✔ unlisted regions are untaxed (0.539936ms)
✔ tax rounds to the nearest cent (0.223231ms)
✔ a positive integer passes (2.740457ms)
✔ zero, negatives, and fractions are rejected as quantities (0.643185ms)
✔ a non-empty string passes (0.154923ms)
✔ an empty string or a non-string is rejected (0.135372ms)
ℹ tests 40
ℹ suites 0
ℹ pass 40
ℹ fail 0
ℹ cancelled 0
ℹ skipped 0
ℹ todo 0
ℹ duration_ms 467.540683
ℹ start of coverage report
ℹ --------------------------------------------------------------
ℹ file          | line % | branch % | funcs % | uncovered lines
ℹ --------------------------------------------------------------
ℹ src           |        |          |         | 
ℹ  cart.js      | 100.00 |   100.00 |  100.00 | 
ℹ  catalog.js   | 100.00 |   100.00 |  100.00 | 
ℹ  errors.js    | 100.00 |   100.00 |  100.00 | 
ℹ  inventory.js | 100.00 |   100.00 |  100.00 | 
ℹ  money.js     | 100.00 |   100.00 |  100.00 | 
ℹ  orders.js    | 100.00 |   100.00 |  100.00 | 
ℹ  pricing.js   | 100.00 |   100.00 |  100.00 | 
ℹ  shipping.js  | 100.00 |   100.00 |  100.00 | 
ℹ  tax.js       | 100.00 |   100.00 |  100.00 | 
ℹ  validate.js  | 100.00 |   100.00 |  100.00 | 
ℹ --------------------------------------------------------------
ℹ all files     | 100.00 |   100.00 |  100.00 | 
ℹ --------------------------------------------------------------
ℹ end of coverage report
  took 724 ms

▸ 4  poly-crap on changed functions (threshold 5)
  full scan: test files changed, so every function is scored
  no changed function scores above 5
  took 22 ms

▸ 5  lawbook, model-judged standards
  skipped: set AWS_REGION, with AWS_BEARER_TOKEN_BEDROCK, access keys, or a profile, to judge with Bedrock (VERIFY_LLM=1 forces, 0 skips)
  took 4 ms

▸ 6  findings to Hunk
  no live Hunk session; wrote .verify/notes.json (0 annotation(s))
  open it with: hunk diff --agent-notes --agent-context .verify/notes.json
  took 17 ms

verify: clean (0b9e66659ab7e92e) in 1173 ms
